[
  {
    "id": "a string",
    "translation": "a string"
  },
  {
    "id": "show the app details",
    "translation": "show the app details"
  }
]
