[
  {
    "id": "cruel",
    "translation": "cruel"
  },
  {
    "id": "Evil",
    "translation": "Evil"
  },
  {
    "id": "Bye from {{.Arg0}}",
    "translation": "Bye from {{.Arg0}}"
  },
  {
    "id": "Hello {{.Arg0}} world!",
    "translation": "Hello {{.Arg0}} world!"
  }
]
